Archive member included because of file (symbol)

c:/users/user/downloads/telegram desktop/imt_sdk_win_64/imt_sdk_win_64/winavr/bin/../lib/gcc/avr/4.3.3/avr5\libgcc.a(_exit.o)
                              c:/users/user/downloads/telegram desktop/imt_sdk_win_64/imt_sdk_win_64/winavr/bin/../lib/gcc/avr/4.3.3/../../../../avr/lib/avr5/crtm32.o (exit)
c:/users/user/downloads/telegram desktop/imt_sdk_win_64/imt_sdk_win_64/winavr/bin/../lib/gcc/avr/4.3.3/avr5\libgcc.a(_copy_data.o)
                              ./Seven_Segment_config.o (__do_copy_data)

Memory Configuration

Name             Origin             Length             Attributes
text             0x00000000         0x00020000         xr
data             0x00800060         0x0000ffa0         rw !x
eeprom           0x00810000         0x00010000         rw !x
fuse             0x00820000         0x00000400         rw !x
lock             0x00830000         0x00000400         rw !x
signature        0x00840000         0x00000400         rw !x
*default*        0x00000000         0xffffffff

Linker script and memory map

LOAD c:/users/user/downloads/telegram desktop/imt_sdk_win_64/imt_sdk_win_64/winavr/bin/../lib/gcc/avr/4.3.3/../../../../avr/lib/avr5/crtm32.o
LOAD ./DIO_prog.o
LOAD ./Seven_Segment_config.o
LOAD ./Seven_Segment_prog.o
LOAD ./main.o
LOAD c:/users/user/downloads/telegram desktop/imt_sdk_win_64/imt_sdk_win_64/winavr/bin/../lib/gcc/avr/4.3.3/avr5\libgcc.a
LOAD c:/users/user/downloads/telegram desktop/imt_sdk_win_64/imt_sdk_win_64/winavr/bin/../lib/gcc/avr/4.3.3/../../../../avr/lib/avr5\libc.a
LOAD c:/users/user/downloads/telegram desktop/imt_sdk_win_64/imt_sdk_win_64/winavr/bin/../lib/gcc/avr/4.3.3/avr5\libgcc.a

.hash
 *(.hash)

.dynsym
 *(.dynsym)

.dynstr
 *(.dynstr)

.gnu.version
 *(.gnu.version)

.gnu.version_d
 *(.gnu.version_d)

.gnu.version_r
 *(.gnu.version_r)

.rel.init
 *(.rel.init)

.rela.init
 *(.rela.init)

.rel.text
 *(.rel.text)
 *(.rel.text.*)
 *(.rel.gnu.linkonce.t*)

.rela.text
 *(.rela.text)
 *(.rela.text.*)
 *(.rela.gnu.linkonce.t*)

.rel.fini
 *(.rel.fini)

.rela.fini
 *(.rela.fini)

.rel.rodata
 *(.rel.rodata)
 *(.rel.rodata.*)
 *(.rel.gnu.linkonce.r*)

.rela.rodata
 *(.rela.rodata)
 *(.rela.rodata.*)
 *(.rela.gnu.linkonce.r*)

.rel.data
 *(.rel.data)
 *(.rel.data.*)
 *(.rel.gnu.linkonce.d*)

.rela.data
 *(.rela.data)
 *(.rela.data.*)
 *(.rela.gnu.linkonce.d*)

.rel.ctors
 *(.rel.ctors)

.rela.ctors
 *(.rela.ctors)

.rel.dtors
 *(.rel.dtors)

.rela.dtors
 *(.rela.dtors)

.rel.got
 *(.rel.got)

.rela.got
 *(.rela.got)

.rel.bss
 *(.rel.bss)

.rela.bss
 *(.rela.bss)

.rel.plt
 *(.rel.plt)

.rela.plt
 *(.rela.plt)

.text           0x00000000     0x224a
 *(.vectors)
 .vectors       0x00000000       0x54 c:/users/user/downloads/telegram desktop/imt_sdk_win_64/imt_sdk_win_64/winavr/bin/../lib/gcc/avr/4.3.3/../../../../avr/lib/avr5/crtm32.o
                0x00000000                __vectors
                0x00000000                __vector_default
 *(.vectors)
 *(.progmem.gcc*)
 *(.progmem*)
                0x00000054                . = ALIGN (0x2)
                0x00000054                __trampolines_start = .
 *(.trampolines)
 .trampolines   0x00000054        0x0 linker stubs
 *(.trampolines*)
                0x00000054                __trampolines_end = .
 *(.jumptables)
 *(.jumptables*)
 *(.lowtext)
 *(.lowtext*)
                0x00000054                __ctors_start = .
 *(.ctors)
                0x00000054                __ctors_end = .
                0x00000054                __dtors_start = .
 *(.dtors)
                0x00000054                __dtors_end = .
 SORT(*)(.ctors)
 SORT(*)(.dtors)
 *(.init0)
 .init0         0x00000054        0x0 c:/users/user/downloads/telegram desktop/imt_sdk_win_64/imt_sdk_win_64/winavr/bin/../lib/gcc/avr/4.3.3/../../../../avr/lib/avr5/crtm32.o
                0x00000054                __init
 *(.init0)
 *(.init1)
 *(.init1)
 *(.init2)
 .init2         0x00000054        0xc c:/users/user/downloads/telegram desktop/imt_sdk_win_64/imt_sdk_win_64/winavr/bin/../lib/gcc/avr/4.3.3/../../../../avr/lib/avr5/crtm32.o
 *(.init2)
 *(.init3)
 *(.init3)
 *(.init4)
 .init4         0x00000060       0x16 c:/users/user/downloads/telegram desktop/imt_sdk_win_64/imt_sdk_win_64/winavr/bin/../lib/gcc/avr/4.3.3/avr5\libgcc.a(_copy_data.o)
                0x00000060                __do_copy_data
 *(.init4)
 *(.init5)
 *(.init5)
 *(.init6)
 *(.init6)
 *(.init7)
 *(.init7)
 *(.init8)
 *(.init8)
 *(.init9)
 .init9         0x00000076        0x8 c:/users/user/downloads/telegram desktop/imt_sdk_win_64/imt_sdk_win_64/winavr/bin/../lib/gcc/avr/4.3.3/../../../../avr/lib/avr5/crtm32.o
 *(.init9)
 *(.text)
 .text          0x0000007e        0x4 c:/users/user/downloads/telegram desktop/imt_sdk_win_64/imt_sdk_win_64/winavr/bin/../lib/gcc/avr/4.3.3/../../../../avr/lib/avr5/crtm32.o
                0x0000007e                __vector_1
                0x0000007e                __vector_12
                0x0000007e                __bad_interrupt
                0x0000007e                __vector_6
                0x0000007e                __vector_3
                0x0000007e                __vector_11
                0x0000007e                __vector_13
                0x0000007e                __vector_17
                0x0000007e                __vector_19
                0x0000007e                __vector_7
                0x0000007e                __vector_5
                0x0000007e                __vector_4
                0x0000007e                __vector_9
                0x0000007e                __vector_2
                0x0000007e                __vector_15
                0x0000007e                __vector_8
                0x0000007e                __vector_14
                0x0000007e                __vector_10
                0x0000007e                __vector_16
                0x0000007e                __vector_18
                0x0000007e                __vector_20
 .text          0x00000082        0x0 ./DIO_prog.o
 .text          0x00000082        0x0 ./Seven_Segment_config.o
 .text          0x00000082        0x0 ./Seven_Segment_prog.o
 .text          0x00000082        0x0 ./main.o
 .text          0x00000082        0x0 c:/users/user/downloads/telegram desktop/imt_sdk_win_64/imt_sdk_win_64/winavr/bin/../lib/gcc/avr/4.3.3/avr5\libgcc.a(_exit.o)
 .text          0x00000082        0x0 c:/users/user/downloads/telegram desktop/imt_sdk_win_64/imt_sdk_win_64/winavr/bin/../lib/gcc/avr/4.3.3/avr5\libgcc.a(_copy_data.o)
                0x00000082                . = ALIGN (0x2)
 *(.text.*)
 .text.DIO_enuInit
                0x00000082       0x52 ./DIO_prog.o
                0x00000082                DIO_enuInit
 .text.DIO_enuSetPortDirection
                0x000000d4       0x9a ./DIO_prog.o
                0x000000d4                DIO_enuSetPortDirection
 .text.DIO_enuSetPortValue
                0x0000016e       0x9a ./DIO_prog.o
                0x0000016e                DIO_enuSetPortValue
 .text.DIO_enuToggPort
                0x00000208       0xae ./DIO_prog.o
                0x00000208                DIO_enuToggPort
 .text.DIO_enuGetPortValue
                0x000002b6       0xbe ./DIO_prog.o
                0x000002b6                DIO_enuGetPortValue
 .text.DIO_enuSetPinDirection
                0x00000374      0x1d8 ./DIO_prog.o
                0x00000374                DIO_enuSetPinDirection
 .text.DIO_enuSetPinValue
                0x0000054c      0x1d8 ./DIO_prog.o
                0x0000054c                DIO_enuSetPinValue
 .text.DIO_enuToggPin
                0x00000724      0x11c ./DIO_prog.o
                0x00000724                DIO_enuToggPin
 .text.DIO_enuGetPinValue
                0x00000840      0x13c ./DIO_prog.o
                0x00000840                DIO_enuGetPinValue
 .text.Seven_SegmentenuInit
                0x0000097c      0x4d4 ./Seven_Segment_prog.o
                0x0000097c                Seven_SegmentenuInit
 .text.Seven_Segment_enuDisplayNumber
                0x00000e50      0x784 ./Seven_Segment_prog.o
                0x00000e50                Seven_Segment_enuDisplayNumber
 .text.Seven_Segment_enuEnableCommon
                0x000015d4      0x1a4 ./Seven_Segment_prog.o
                0x000015d4                Seven_Segment_enuEnableCommon
 .text.Seven_Segment_enuDisableCommon
                0x00001778      0x1a4 ./Seven_Segment_prog.o
                0x00001778                Seven_Segment_enuDisableCommon
 .text.Seven_Segment_enuEnableDot
                0x0000191c      0x1a4 ./Seven_Segment_prog.o
                0x0000191c                Seven_Segment_enuEnableDot
 .text.Seven_Segment_enuDisableDot
                0x00001ac0      0x1a4 ./Seven_Segment_prog.o
                0x00001ac0                Seven_Segment_enuDisableDot
 .text.Seven_Segment_enuClearoff
                0x00001c64      0x5b0 ./Seven_Segment_prog.o
                0x00001c64                Seven_Segment_enuClearoff
 .text.main     0x00002214       0x32 ./main.o
                0x00002214                main
 .text.libgcc   0x00002246        0x0 c:/users/user/downloads/telegram desktop/imt_sdk_win_64/imt_sdk_win_64/winavr/bin/../lib/gcc/avr/4.3.3/avr5\libgcc.a(_exit.o)
 .text.libgcc   0x00002246        0x0 c:/users/user/downloads/telegram desktop/imt_sdk_win_64/imt_sdk_win_64/winavr/bin/../lib/gcc/avr/4.3.3/avr5\libgcc.a(_copy_data.o)
                0x00002246                . = ALIGN (0x2)
 *(.fini9)
 .fini9         0x00002246        0x0 c:/users/user/downloads/telegram desktop/imt_sdk_win_64/imt_sdk_win_64/winavr/bin/../lib/gcc/avr/4.3.3/avr5\libgcc.a(_exit.o)
                0x00002246                exit
                0x00002246                _exit
 *(.fini9)
 *(.fini8)
 *(.fini8)
 *(.fini7)
 *(.fini7)
 *(.fini6)
 *(.fini6)
 *(.fini5)
 *(.fini5)
 *(.fini4)
 *(.fini4)
 *(.fini3)
 *(.fini3)
 *(.fini2)
 *(.fini2)
 *(.fini1)
 *(.fini1)
 *(.fini0)
 .fini0         0x00002246        0x4 c:/users/user/downloads/telegram desktop/imt_sdk_win_64/imt_sdk_win_64/winavr/bin/../lib/gcc/avr/4.3.3/avr5\libgcc.a(_exit.o)
 *(.fini0)
                0x0000224a                _etext = .

.data           0x00800060       0x30 load address 0x0000224a
                0x00800060                PROVIDE (__data_start, .)
 *(.data)
 .data          0x00800060        0x0 c:/users/user/downloads/telegram desktop/imt_sdk_win_64/imt_sdk_win_64/winavr/bin/../lib/gcc/avr/4.3.3/../../../../avr/lib/avr5/crtm32.o
 .data          0x00800060        0x0 ./DIO_prog.o
 .data          0x00800060        0x0 ./Seven_Segment_config.o
 .data          0x00800060        0x0 ./Seven_Segment_prog.o
 .data          0x00800060        0x0 ./main.o
 .data          0x00800060        0x0 c:/users/user/downloads/telegram desktop/imt_sdk_win_64/imt_sdk_win_64/winavr/bin/../lib/gcc/avr/4.3.3/avr5\libgcc.a(_exit.o)
 .data          0x00800060        0x0 c:/users/user/downloads/telegram desktop/imt_sdk_win_64/imt_sdk_win_64/winavr/bin/../lib/gcc/avr/4.3.3/avr5\libgcc.a(_copy_data.o)
 *(.data*)
 .data.Seven_Segment_enuAstrSegConfig
                0x00800060       0x26 ./Seven_Segment_config.o
                0x00800060                Seven_Segment_enuAstrSegConfig
 .data.segCATHODE
                0x00800086        0xa ./Seven_Segment_prog.o
                0x00800086                segCATHODE
 *(.rodata)
 *(.rodata*)
 *(.gnu.linkonce.d*)
                0x00800090                . = ALIGN (0x2)
                0x00800090                _edata = .
                0x00800090                PROVIDE (__data_end, .)

.bss            0x00800090        0x0
                0x00800090                PROVIDE (__bss_start, .)
 *(.bss)
 .bss           0x00800090        0x0 c:/users/user/downloads/telegram desktop/imt_sdk_win_64/imt_sdk_win_64/winavr/bin/../lib/gcc/avr/4.3.3/../../../../avr/lib/avr5/crtm32.o
 .bss           0x00800090        0x0 ./DIO_prog.o
 .bss           0x00800090        0x0 ./Seven_Segment_config.o
 .bss           0x00800090        0x0 ./Seven_Segment_prog.o
 .bss           0x00800090        0x0 ./main.o
 .bss           0x00800090        0x0 c:/users/user/downloads/telegram desktop/imt_sdk_win_64/imt_sdk_win_64/winavr/bin/../lib/gcc/avr/4.3.3/avr5\libgcc.a(_exit.o)
 .bss           0x00800090        0x0 c:/users/user/downloads/telegram desktop/imt_sdk_win_64/imt_sdk_win_64/winavr/bin/../lib/gcc/avr/4.3.3/avr5\libgcc.a(_copy_data.o)
 *(.bss*)
 *(COMMON)
                0x00800090                PROVIDE (__bss_end, .)
                0x0000224a                __data_load_start = LOADADDR (.data)
                0x0000227a                __data_load_end = (__data_load_start + SIZEOF (.data))

.noinit         0x00800090        0x0
                0x00800090                PROVIDE (__noinit_start, .)
 *(.noinit*)
                0x00800090                PROVIDE (__noinit_end, .)
                0x00800090                _end = .
                0x00800090                PROVIDE (__heap_start, .)

.eeprom         0x00810000        0x0
 *(.eeprom*)
                0x00810000                __eeprom_end = .

.fuse
 *(.fuse)
 *(.lfuse)
 *(.hfuse)
 *(.efuse)

.lock
 *(.lock*)

.signature
 *(.signature*)

.stab           0x00000000     0x15fc
 *(.stab)
 .stab          0x00000000      0x9c0 ./DIO_prog.o
 .stab          0x000009c0      0x120 ./Seven_Segment_config.o
                                0x1bc (size before relaxing)
 .stab          0x00000ae0      0x7ec ./Seven_Segment_prog.o
                                0x8a0 (size before relaxing)
 .stab          0x000012cc      0x330 ./main.o
                                0x3e4 (size before relaxing)

.stabstr        0x00000000      0xd13
 *(.stabstr)
 .stabstr       0x00000000      0xd13 ./DIO_prog.o

.stab.excl
 *(.stab.excl)

.stab.exclstr
 *(.stab.exclstr)

.stab.index
 *(.stab.index)

.stab.indexstr
 *(.stab.indexstr)

.comment
 *(.comment)

.debug
 *(.debug)

.line
 *(.line)

.debug_srcinfo
 *(.debug_srcinfo)

.debug_sfnames
 *(.debug_sfnames)

.debug_aranges
 *(.debug_aranges)

.debug_pubnames
 *(.debug_pubnames)

.debug_info
 *(.debug_info)
 *(.gnu.linkonce.wi.*)

.debug_abbrev
 *(.debug_abbrev)

.debug_line
 *(.debug_line)

.debug_frame
 *(.debug_frame)

.debug_str
 *(.debug_str)

.debug_loc
 *(.debug_loc)

.debug_macinfo
 *(.debug_macinfo)
OUTPUT(Seven_Segment.c.elf elf32-avr)
LOAD linker stubs
