Archive member included to satisfy reference by file (symbol)

c:/program files (x86)/atmel/studio/7.0/toolchain/avr8/avr8-gnu-toolchain/bin/../lib/gcc/avr/5.4.0/avr5\libgcc.a(_exit.o)
                              C:/Program Files (x86)/Atmel/Studio/7.0/Packs/atmel/ATmega_DFP/1.7.374/gcc/dev/atmega32/avr5/crtatmega32.o (exit)
c:/program files (x86)/atmel/studio/7.0/toolchain/avr8/avr8-gnu-toolchain/bin/../lib/gcc/avr/5.4.0/avr5\libgcc.a(_copy_data.o)
                              HALL/Keypad/Keypad_prog.o (__do_copy_data)

Discarded input sections

 .data          0x00000000        0x0 C:/Program Files (x86)/Atmel/Studio/7.0/Packs/atmel/ATmega_DFP/1.7.374/gcc/dev/atmega32/avr5/crtatmega32.o
 .bss           0x00000000        0x0 C:/Program Files (x86)/Atmel/Studio/7.0/Packs/atmel/ATmega_DFP/1.7.374/gcc/dev/atmega32/avr5/crtatmega32.o
 .text          0x00000000        0x0 HALL/Keypad/Keypad_prog.o
 .data          0x00000000        0x0 HALL/Keypad/Keypad_prog.o
 .bss           0x00000000        0x0 HALL/Keypad/Keypad_prog.o
 .text.KPD_enuGetStatues
                0x00000000       0xba HALL/Keypad/Keypad_prog.o
 .rodata.Local_KPDARR.1615
                0x00000000       0x10 HALL/Keypad/Keypad_prog.o
 .rodata.KPD_ROWARR.1617
                0x00000000        0x4 HALL/Keypad/Keypad_prog.o
 .rodata.KPD_ColumnARR.1616
                0x00000000        0x4 HALL/Keypad/Keypad_prog.o
 .debug_info    0x00000000      0x1f0 HALL/Keypad/Keypad_prog.o
 .debug_abbrev  0x00000000       0xb7 HALL/Keypad/Keypad_prog.o
 .debug_loc     0x00000000      0x12d HALL/Keypad/Keypad_prog.o
 .debug_aranges
                0x00000000       0x20 HALL/Keypad/Keypad_prog.o
 .debug_ranges  0x00000000       0x10 HALL/Keypad/Keypad_prog.o
 .debug_line    0x00000000      0x111 HALL/Keypad/Keypad_prog.o
 .debug_str     0x00000000      0x1ff HALL/Keypad/Keypad_prog.o
 .comment       0x00000000       0x31 HALL/Keypad/Keypad_prog.o
 .debug_frame   0x00000000       0x54 HALL/Keypad/Keypad_prog.o
 .text          0x00000000        0x0 HALL/LCD/Lcd_prog.o
 .data          0x00000000        0x0 HALL/LCD/Lcd_prog.o
 .bss           0x00000000        0x0 HALL/LCD/Lcd_prog.o
 .text.Lcd_vidLatch
                0x00000000       0xb8 HALL/LCD/Lcd_prog.o
 .text.LCD_enuInit
                0x00000000      0x2da HALL/LCD/Lcd_prog.o
 .text.LCD_enuDisplayChar
                0x00000000       0x1a HALL/LCD/Lcd_prog.o
 .text.LCD_enuSendCommend
                0x00000000       0x1a HALL/LCD/Lcd_prog.o
 .debug_info    0x00000000      0xd8b HALL/LCD/Lcd_prog.o
 .debug_abbrev  0x00000000      0x16a HALL/LCD/Lcd_prog.o
 .debug_loc     0x00000000      0x3f7 HALL/LCD/Lcd_prog.o
 .debug_aranges
                0x00000000       0x38 HALL/LCD/Lcd_prog.o
 .debug_ranges  0x00000000       0x28 HALL/LCD/Lcd_prog.o
 .debug_line    0x00000000      0x3fb HALL/LCD/Lcd_prog.o
 .debug_str     0x00000000      0x2a5 HALL/LCD/Lcd_prog.o
 .comment       0x00000000       0x31 HALL/LCD/Lcd_prog.o
 .debug_frame   0x00000000       0x6c HALL/LCD/Lcd_prog.o
 .text          0x00000000        0x0 HALL/LED/Led_config.o
 .data          0x00000000        0x0 HALL/LED/Led_config.o
 .bss           0x00000000        0x0 HALL/LED/Led_config.o
 .data.Led_AstrLedStatues
                0x00000000        0xc HALL/LED/Led_config.o
 .debug_info    0x00000000       0xd5 HALL/LED/Led_config.o
 .debug_abbrev  0x00000000       0x74 HALL/LED/Led_config.o
 .debug_aranges
                0x00000000       0x18 HALL/LED/Led_config.o
 .debug_line    0x00000000       0x6b HALL/LED/Led_config.o
 .debug_str     0x00000000      0x1a3 HALL/LED/Led_config.o
 .comment       0x00000000       0x31 HALL/LED/Led_config.o
 .text          0x00000000        0x0 HALL/LED/Led_prog.o
 .data          0x00000000        0x0 HALL/LED/Led_prog.o
 .bss           0x00000000        0x0 HALL/LED/Led_prog.o
 .text.Led_enuInt
                0x00000000       0x9a HALL/LED/Led_prog.o
 .text.Led_enuLedTurnOn
                0x00000000       0x30 HALL/LED/Led_prog.o
 .text.Led_enuLedTurnOff
                0x00000000       0x30 HALL/LED/Led_prog.o
 .debug_info    0x00000000      0x275 HALL/LED/Led_prog.o
 .debug_abbrev  0x00000000      0x10b HALL/LED/Led_prog.o
 .debug_loc     0x00000000      0x2e3 HALL/LED/Led_prog.o
 .debug_aranges
                0x00000000       0x30 HALL/LED/Led_prog.o
 .debug_ranges  0x00000000       0x38 HALL/LED/Led_prog.o
 .debug_line    0x00000000      0x1a1 HALL/LED/Led_prog.o
 .debug_str     0x00000000      0x255 HALL/LED/Led_prog.o
 .comment       0x00000000       0x31 HALL/LED/Led_prog.o
 .debug_frame   0x00000000       0x60 HALL/LED/Led_prog.o
 .text          0x00000000        0x0 HALL/Seven_Sigment/Seven_Segment_config.o
 .data          0x00000000        0x0 HALL/Seven_Sigment/Seven_Segment_config.o
 .bss           0x00000000        0x0 HALL/Seven_Sigment/Seven_Segment_config.o
 .data.Seven_Segment_enuAstrSegConfig
                0x00000000       0x26 HALL/Seven_Sigment/Seven_Segment_config.o
 .debug_info    0x00000000      0x1a7 HALL/Seven_Sigment/Seven_Segment_config.o
 .debug_abbrev  0x00000000       0x74 HALL/Seven_Sigment/Seven_Segment_config.o
 .debug_aranges
                0x00000000       0x18 HALL/Seven_Sigment/Seven_Segment_config.o
 .debug_line    0x00000000       0x93 HALL/Seven_Sigment/Seven_Segment_config.o
 .debug_str     0x00000000      0x276 HALL/Seven_Sigment/Seven_Segment_config.o
 .comment       0x00000000       0x31 HALL/Seven_Sigment/Seven_Segment_config.o
 .text          0x00000000        0x0 HALL/Seven_Sigment/Seven_Segment_prog.o
 .data          0x00000000        0x0 HALL/Seven_Sigment/Seven_Segment_prog.o
 .bss           0x00000000        0x0 HALL/Seven_Sigment/Seven_Segment_prog.o
 .text.Seven_SegmentenuInit
                0x00000000       0xa6 HALL/Seven_Sigment/Seven_Segment_prog.o
 .text.Seven_Segment_enuDisplayNumber
                0x00000000      0x17c HALL/Seven_Sigment/Seven_Segment_prog.o
 .text.Seven_Segment_enuEnableCommon
                0x00000000       0x70 HALL/Seven_Sigment/Seven_Segment_prog.o
 .text.Seven_Segment_enuDisableCommon
                0x00000000       0x70 HALL/Seven_Sigment/Seven_Segment_prog.o
 .text.Seven_Segment_enuEnableDot
                0x00000000       0x70 HALL/Seven_Sigment/Seven_Segment_prog.o
 .text.Seven_Segment_enuDisableDot
                0x00000000       0x70 HALL/Seven_Sigment/Seven_Segment_prog.o
 .text.Seven_Segment_enuClearoff
                0x00000000       0xd8 HALL/Seven_Sigment/Seven_Segment_prog.o
 .data.segCATHODE
                0x00000000        0xa HALL/Seven_Sigment/Seven_Segment_prog.o
 .debug_info    0x00000000      0x6a2 HALL/Seven_Sigment/Seven_Segment_prog.o
 .debug_abbrev  0x00000000      0x14a HALL/Seven_Sigment/Seven_Segment_prog.o
 .debug_loc     0x00000000      0x534 HALL/Seven_Sigment/Seven_Segment_prog.o
 .debug_aranges
                0x00000000       0x50 HALL/Seven_Sigment/Seven_Segment_prog.o
 .debug_ranges  0x00000000       0x58 HALL/Seven_Sigment/Seven_Segment_prog.o
 .debug_line    0x00000000      0x41c HALL/Seven_Sigment/Seven_Segment_prog.o
 .debug_str     0x00000000      0x3fb HALL/Seven_Sigment/Seven_Segment_prog.o
 .comment       0x00000000       0x31 HALL/Seven_Sigment/Seven_Segment_prog.o
 .debug_frame   0x00000000       0xc8 HALL/Seven_Sigment/Seven_Segment_prog.o
 .text          0x00000000        0x0 HALL/SWITCH/SW_config.o
 .data          0x00000000        0x0 HALL/SWITCH/SW_config.o
 .bss           0x00000000        0x0 HALL/SWITCH/SW_config.o
 .data.SW_AstrSwitchStates
                0x00000000        0x9 HALL/SWITCH/SW_config.o
 .debug_info    0x00000000       0xc7 HALL/SWITCH/SW_config.o
 .debug_abbrev  0x00000000       0x74 HALL/SWITCH/SW_config.o
 .debug_aranges
                0x00000000       0x18 HALL/SWITCH/SW_config.o
 .debug_line    0x00000000       0x6f HALL/SWITCH/SW_config.o
 .debug_str     0x00000000      0x195 HALL/SWITCH/SW_config.o
 .comment       0x00000000       0x31 HALL/SWITCH/SW_config.o
 .text          0x00000000        0x0 HALL/SWITCH/SW_prog.o
 .data          0x00000000        0x0 HALL/SWITCH/SW_prog.o
 .bss           0x00000000        0x0 HALL/SWITCH/SW_prog.o
 .text.SW_enuInt
                0x00000000       0x52 HALL/SWITCH/SW_prog.o
 .text.SW_enuGetstatus
                0x00000000       0x20 HALL/SWITCH/SW_prog.o
 .debug_info    0x00000000      0x1de HALL/SWITCH/SW_prog.o
 .debug_abbrev  0x00000000      0x116 HALL/SWITCH/SW_prog.o
 .debug_loc     0x00000000      0x207 HALL/SWITCH/SW_prog.o
 .debug_aranges
                0x00000000       0x28 HALL/SWITCH/SW_prog.o
 .debug_ranges  0x00000000       0x30 HALL/SWITCH/SW_prog.o
 .debug_line    0x00000000      0x120 HALL/SWITCH/SW_prog.o
 .debug_str     0x00000000      0x246 HALL/SWITCH/SW_prog.o
 .comment       0x00000000       0x31 HALL/SWITCH/SW_prog.o
 .debug_frame   0x00000000       0x50 HALL/SWITCH/SW_prog.o
 .text          0x00000000        0x0 main.o
 .data          0x00000000        0x0 main.o
 .bss           0x00000000        0x0 main.o
 .text          0x00000000        0x0 MCAL/DIO/DIO_prog.o
 .data          0x00000000        0x0 MCAL/DIO/DIO_prog.o
 .bss           0x00000000        0x0 MCAL/DIO/DIO_prog.o
 .text.DIO_enuInit
                0x00000000       0x16 MCAL/DIO/DIO_prog.o
 .text.DIO_enuSetPortDirection
                0x00000000       0x34 MCAL/DIO/DIO_prog.o
 .text.DIO_enuSetPortValue
                0x00000000       0x34 MCAL/DIO/DIO_prog.o
 .text.DIO_enuToggPort
                0x00000000       0x44 MCAL/DIO/DIO_prog.o
 .text.DIO_enuGetPortValue
                0x00000000       0x4e MCAL/DIO/DIO_prog.o
 .text.DIO_enuSetPinDirection
                0x00000000       0xe4 MCAL/DIO/DIO_prog.o
 .text.DIO_enuSetPinValue
                0x00000000       0xe4 MCAL/DIO/DIO_prog.o
 .text.DIO_enuToggPin
                0x00000000       0x84 MCAL/DIO/DIO_prog.o
 .text.DIO_enuGetPinValue
                0x00000000       0x8e MCAL/DIO/DIO_prog.o
 .debug_info    0x00000000      0x340 MCAL/DIO/DIO_prog.o
 .debug_abbrev  0x00000000       0xbf MCAL/DIO/DIO_prog.o
 .debug_loc     0x00000000      0x6d0 MCAL/DIO/DIO_prog.o
 .debug_aranges
                0x00000000       0x60 MCAL/DIO/DIO_prog.o
 .debug_ranges  0x00000000       0x50 MCAL/DIO/DIO_prog.o
 .debug_line    0x00000000      0x4e9 MCAL/DIO/DIO_prog.o
 .debug_str     0x00000000      0x26b MCAL/DIO/DIO_prog.o
 .comment       0x00000000       0x31 MCAL/DIO/DIO_prog.o
 .debug_frame   0x00000000       0xa4 MCAL/DIO/DIO_prog.o
 .text          0x00000000        0x0 c:/program files (x86)/atmel/studio/7.0/toolchain/avr8/avr8-gnu-toolchain/bin/../lib/gcc/avr/5.4.0/avr5\libgcc.a(_exit.o)
 .data          0x00000000        0x0 c:/program files (x86)/atmel/studio/7.0/toolchain/avr8/avr8-gnu-toolchain/bin/../lib/gcc/avr/5.4.0/avr5\libgcc.a(_exit.o)
 .bss           0x00000000        0x0 c:/program files (x86)/atmel/studio/7.0/toolchain/avr8/avr8-gnu-toolchain/bin/../lib/gcc/avr/5.4.0/avr5\libgcc.a(_exit.o)
 .text.libgcc.mul
                0x00000000        0x0 c:/program files (x86)/atmel/studio/7.0/toolchain/avr8/avr8-gnu-toolchain/bin/../lib/gcc/avr/5.4.0/avr5\libgcc.a(_exit.o)
 .text.libgcc.div
                0x00000000        0x0 c:/program files (x86)/atmel/studio/7.0/toolchain/avr8/avr8-gnu-toolchain/bin/../lib/gcc/avr/5.4.0/avr5\libgcc.a(_exit.o)
 .text.libgcc   0x00000000        0x0 c:/program files (x86)/atmel/studio/7.0/toolchain/avr8/avr8-gnu-toolchain/bin/../lib/gcc/avr/5.4.0/avr5\libgcc.a(_exit.o)
 .text.libgcc.prologue
                0x00000000        0x0 c:/program files (x86)/atmel/studio/7.0/toolchain/avr8/avr8-gnu-toolchain/bin/../lib/gcc/avr/5.4.0/avr5\libgcc.a(_exit.o)
 .text.libgcc.builtins
                0x00000000        0x0 c:/program files (x86)/atmel/studio/7.0/toolchain/avr8/avr8-gnu-toolchain/bin/../lib/gcc/avr/5.4.0/avr5\libgcc.a(_exit.o)
 .text.libgcc.fmul
                0x00000000        0x0 c:/program files (x86)/atmel/studio/7.0/toolchain/avr8/avr8-gnu-toolchain/bin/../lib/gcc/avr/5.4.0/avr5\libgcc.a(_exit.o)
 .text.libgcc.fixed
                0x00000000        0x0 c:/program files (x86)/atmel/studio/7.0/toolchain/avr8/avr8-gnu-toolchain/bin/../lib/gcc/avr/5.4.0/avr5\libgcc.a(_exit.o)
 .text          0x00000000        0x0 c:/program files (x86)/atmel/studio/7.0/toolchain/avr8/avr8-gnu-toolchain/bin/../lib/gcc/avr/5.4.0/avr5\libgcc.a(_copy_data.o)
 .data          0x00000000        0x0 c:/program files (x86)/atmel/studio/7.0/toolchain/avr8/avr8-gnu-toolchain/bin/../lib/gcc/avr/5.4.0/avr5\libgcc.a(_copy_data.o)
 .bss           0x00000000        0x0 c:/program files (x86)/atmel/studio/7.0/toolchain/avr8/avr8-gnu-toolchain/bin/../lib/gcc/avr/5.4.0/avr5\libgcc.a(_copy_data.o)
 .text.libgcc.mul
                0x00000000        0x0 c:/program files (x86)/atmel/studio/7.0/toolchain/avr8/avr8-gnu-toolchain/bin/../lib/gcc/avr/5.4.0/avr5\libgcc.a(_copy_data.o)
 .text.libgcc.div
                0x00000000        0x0 c:/program files (x86)/atmel/studio/7.0/toolchain/avr8/avr8-gnu-toolchain/bin/../lib/gcc/avr/5.4.0/avr5\libgcc.a(_copy_data.o)
 .text.libgcc   0x00000000        0x0 c:/program files (x86)/atmel/studio/7.0/toolchain/avr8/avr8-gnu-toolchain/bin/../lib/gcc/avr/5.4.0/avr5\libgcc.a(_copy_data.o)
 .text.libgcc.prologue
                0x00000000        0x0 c:/program files (x86)/atmel/studio/7.0/toolchain/avr8/avr8-gnu-toolchain/bin/../lib/gcc/avr/5.4.0/avr5\libgcc.a(_copy_data.o)
 .text.libgcc.builtins
                0x00000000        0x0 c:/program files (x86)/atmel/studio/7.0/toolchain/avr8/avr8-gnu-toolchain/bin/../lib/gcc/avr/5.4.0/avr5\libgcc.a(_copy_data.o)
 .text.libgcc.fmul
                0x00000000        0x0 c:/program files (x86)/atmel/studio/7.0/toolchain/avr8/avr8-gnu-toolchain/bin/../lib/gcc/avr/5.4.0/avr5\libgcc.a(_copy_data.o)
 .text.libgcc.fixed
                0x00000000        0x0 c:/program files (x86)/atmel/studio/7.0/toolchain/avr8/avr8-gnu-toolchain/bin/../lib/gcc/avr/5.4.0/avr5\libgcc.a(_copy_data.o)

Memory Configuration

Name             Origin             Length             Attributes
text             0x00000000         0x00008000         xr
data             0x00800060         0x00000800         rw !x
eeprom           0x00810000         0x00000400         rw !x
fuse             0x00820000         0x00000002         rw !x
lock             0x00830000         0x00000400         rw !x
signature        0x00840000         0x00000400         rw !x
user_signatures  0x00850000         0x00000400         rw !x
*default*        0x00000000         0xffffffff

Linker script and memory map

LOAD C:/Program Files (x86)/Atmel/Studio/7.0/Packs/atmel/ATmega_DFP/1.7.374/gcc/dev/atmega32/avr5/crtatmega32.o
LOAD HALL/Keypad/Keypad_prog.o
LOAD HALL/LCD/Lcd_prog.o
LOAD HALL/LED/Led_config.o
LOAD HALL/LED/Led_prog.o
LOAD HALL/Seven_Sigment/Seven_Segment_config.o
LOAD HALL/Seven_Sigment/Seven_Segment_prog.o
LOAD HALL/SWITCH/SW_config.o
LOAD HALL/SWITCH/SW_prog.o
LOAD main.o
LOAD MCAL/DIO/DIO_prog.o
START GROUP
LOAD c:/program files (x86)/atmel/studio/7.0/toolchain/avr8/avr8-gnu-toolchain/bin/../lib/gcc/avr/5.4.0/../../../../avr/lib/avr5\libm.a
END GROUP
START GROUP
LOAD c:/program files (x86)/atmel/studio/7.0/toolchain/avr8/avr8-gnu-toolchain/bin/../lib/gcc/avr/5.4.0/avr5\libgcc.a
LOAD c:/program files (x86)/atmel/studio/7.0/toolchain/avr8/avr8-gnu-toolchain/bin/../lib/gcc/avr/5.4.0/../../../../avr/lib/avr5\libm.a
LOAD c:/program files (x86)/atmel/studio/7.0/toolchain/avr8/avr8-gnu-toolchain/bin/../lib/gcc/avr/5.4.0/../../../../avr/lib/avr5\libc.a
LOAD C:/Program Files (x86)/Atmel/Studio/7.0/Packs/atmel/ATmega_DFP/1.7.374/gcc/dev/atmega32/avr5\libatmega32.a
END GROUP
                0x00000000                __TEXT_REGION_ORIGIN__ = DEFINED (__TEXT_REGION_ORIGIN__)?__TEXT_REGION_ORIGIN__:0x0
                [0x00800060]                __DATA_REGION_ORIGIN__ = DEFINED (__DATA_REGION_ORIGIN__)?__DATA_REGION_ORIGIN__:0x800060
                [0x00008000]                __TEXT_REGION_LENGTH__ = DEFINED (__TEXT_REGION_LENGTH__)?__TEXT_REGION_LENGTH__:0x20000
                [0x00000800]                __DATA_REGION_LENGTH__ = DEFINED (__DATA_REGION_LENGTH__)?__DATA_REGION_LENGTH__:0xffa0
                [0x00000400]                __EEPROM_REGION_LENGTH__ = DEFINED (__EEPROM_REGION_LENGTH__)?__EEPROM_REGION_LENGTH__:0x10000
                [0x00000002]                __FUSE_REGION_LENGTH__ = DEFINED (__FUSE_REGION_LENGTH__)?__FUSE_REGION_LENGTH__:0x400
                0x00000400                __LOCK_REGION_LENGTH__ = DEFINED (__LOCK_REGION_LENGTH__)?__LOCK_REGION_LENGTH__:0x400
                0x00000400                __SIGNATURE_REGION_LENGTH__ = DEFINED (__SIGNATURE_REGION_LENGTH__)?__SIGNATURE_REGION_LENGTH__:0x400
                0x00000400                __USER_SIGNATURE_REGION_LENGTH__ = DEFINED (__USER_SIGNATURE_REGION_LENGTH__)?__USER_SIGNATURE_REGION_LENGTH__:0x400

.hash
 *(.hash)

.dynsym
 *(.dynsym)

.dynstr
 *(.dynstr)

.gnu.version
 *(.gnu.version)

.gnu.version_d
 *(.gnu.version_d)

.gnu.version_r
 *(.gnu.version_r)

.rel.init
 *(.rel.init)

.rela.init
 *(.rela.init)

.rel.text
 *(.rel.text)
 *(.rel.text.*)
 *(.rel.gnu.linkonce.t*)

.rela.text
 *(.rela.text)
 *(.rela.text.*)
 *(.rela.gnu.linkonce.t*)

.rel.fini
 *(.rel.fini)

.rela.fini
 *(.rela.fini)

.rel.rodata
 *(.rel.rodata)
 *(.rel.rodata.*)
 *(.rel.gnu.linkonce.r*)

.rela.rodata
 *(.rela.rodata)
 *(.rela.rodata.*)
 *(.rela.gnu.linkonce.r*)

.rel.data
 *(.rel.data)
 *(.rel.data.*)
 *(.rel.gnu.linkonce.d*)

.rela.data
 *(.rela.data)
 *(.rela.data.*)
 *(.rela.gnu.linkonce.d*)

.rel.ctors
 *(.rel.ctors)

.rela.ctors
 *(.rela.ctors)

.rel.dtors
 *(.rel.dtors)

.rela.dtors
 *(.rela.dtors)

.rel.got
 *(.rel.got)

.rela.got
 *(.rela.got)

.rel.bss
 *(.rel.bss)

.rela.bss
 *(.rela.bss)

.rel.plt
 *(.rel.plt)

.rela.plt
 *(.rela.plt)

.text           0x00000000       0x88
 *(.vectors)
 .vectors       0x00000000       0x54 C:/Program Files (x86)/Atmel/Studio/7.0/Packs/atmel/ATmega_DFP/1.7.374/gcc/dev/atmega32/avr5/crtatmega32.o
                0x00000000                __vector_default
                0x00000000                __vectors
 *(.vectors)
 *(.progmem.gcc*)
                0x00000054                . = ALIGN (0x2)
                0x00000054                __trampolines_start = .
 *(.trampolines)
 .trampolines   0x00000054        0x0 linker stubs
 *(.trampolines*)
                0x00000054                __trampolines_end = .
 *libprintf_flt.a:*(.progmem.data)
 *libc.a:*(.progmem.data)
 *(.progmem*)
                0x00000054                . = ALIGN (0x2)
 *(.jumptables)
 *(.jumptables*)
 *(.lowtext)
 *(.lowtext*)
                0x00000054                __ctors_start = .
 *(.ctors)
                0x00000054                __ctors_end = .
                0x00000054                __dtors_start = .
 *(.dtors)
                0x00000054                __dtors_end = .
 SORT(*)(.ctors)
 SORT(*)(.dtors)
 *(.init0)
 .init0         0x00000054        0x0 C:/Program Files (x86)/Atmel/Studio/7.0/Packs/atmel/ATmega_DFP/1.7.374/gcc/dev/atmega32/avr5/crtatmega32.o
                0x00000054                __init
 *(.init0)
 *(.init1)
 *(.init1)
 *(.init2)
 .init2         0x00000054        0xc C:/Program Files (x86)/Atmel/Studio/7.0/Packs/atmel/ATmega_DFP/1.7.374/gcc/dev/atmega32/avr5/crtatmega32.o
 *(.init2)
 *(.init3)
 *(.init3)
 *(.init4)
 .init4         0x00000060       0x16 c:/program files (x86)/atmel/studio/7.0/toolchain/avr8/avr8-gnu-toolchain/bin/../lib/gcc/avr/5.4.0/avr5\libgcc.a(_copy_data.o)
                0x00000060                __do_copy_data
 *(.init4)
 *(.init5)
 *(.init5)
 *(.init6)
 *(.init6)
 *(.init7)
 *(.init7)
 *(.init8)
 *(.init8)
 *(.init9)
 .init9         0x00000076        0x8 C:/Program Files (x86)/Atmel/Studio/7.0/Packs/atmel/ATmega_DFP/1.7.374/gcc/dev/atmega32/avr5/crtatmega32.o
 *(.init9)
 *(.text)
 .text          0x0000007e        0x4 C:/Program Files (x86)/Atmel/Studio/7.0/Packs/atmel/ATmega_DFP/1.7.374/gcc/dev/atmega32/avr5/crtatmega32.o
                0x0000007e                __vector_1
                0x0000007e                __vector_12
                0x0000007e                __bad_interrupt
                0x0000007e                __vector_6
                0x0000007e                __vector_3
                0x0000007e                __vector_11
                0x0000007e                __vector_13
                0x0000007e                __vector_17
                0x0000007e                __vector_19
                0x0000007e                __vector_7
                0x0000007e                __vector_5
                0x0000007e                __vector_4
                0x0000007e                __vector_9
                0x0000007e                __vector_2
                0x0000007e                __vector_15
                0x0000007e                __vector_8
                0x0000007e                __vector_14
                0x0000007e                __vector_10
                0x0000007e                __vector_16
                0x0000007e                __vector_18
                0x0000007e                __vector_20
                0x00000082                . = ALIGN (0x2)
 *(.text.*)
 .text.main     0x00000082        0x2 main.o
                0x00000082                main
                0x00000084                . = ALIGN (0x2)
 *(.fini9)
 .fini9         0x00000084        0x0 c:/program files (x86)/atmel/studio/7.0/toolchain/avr8/avr8-gnu-toolchain/bin/../lib/gcc/avr/5.4.0/avr5\libgcc.a(_exit.o)
                0x00000084                _exit
                0x00000084                exit
 *(.fini9)
 *(.fini8)
 *(.fini8)
 *(.fini7)
 *(.fini7)
 *(.fini6)
 *(.fini6)
 *(.fini5)
 *(.fini5)
 *(.fini4)
 *(.fini4)
 *(.fini3)
 *(.fini3)
 *(.fini2)
 *(.fini2)
 *(.fini1)
 *(.fini1)
 *(.fini0)
 .fini0         0x00000084        0x4 c:/program files (x86)/atmel/studio/7.0/toolchain/avr8/avr8-gnu-toolchain/bin/../lib/gcc/avr/5.4.0/avr5\libgcc.a(_exit.o)
 *(.fini0)
                0x00000088                _etext = .

.data           0x00800060        0x0 load address 0x00000088
                0x00800060                PROVIDE (__data_start, .)
 *(.data)
 *(.data*)
 *(.gnu.linkonce.d*)
 *(.rodata)
 *(.rodata*)
 *(.gnu.linkonce.r*)
                0x00800060                . = ALIGN (0x2)
                0x00800060                _edata = .
                0x00800060                PROVIDE (__data_end, .)

.bss            0x00800060        0x0
                [!provide]                PROVIDE (__bss_start, .)
 *(.bss)
 *(.bss*)
 *(COMMON)
                [!provide]                PROVIDE (__bss_end, .)
                0x00000088                __data_load_start = LOADADDR (.data)
                0x00000088                __data_load_end = (__data_load_start + SIZEOF (.data))

.noinit         0x00800060        0x0
                [!provide]                PROVIDE (__noinit_start, .)
 *(.noinit*)
                [!provide]                PROVIDE (__noinit_end, .)
                0x00800060                _end = .
                [!provide]                PROVIDE (__heap_start, .)

.eeprom         0x00810000        0x0
 *(.eeprom*)
                0x00810000                __eeprom_end = .

.fuse
 *(.fuse)
 *(.lfuse)
 *(.hfuse)
 *(.efuse)

.lock
 *(.lock*)

.signature
 *(.signature*)

.user_signatures
 *(.user_signatures*)

.stab
 *(.stab)

.stabstr
 *(.stabstr)

.stab.excl
 *(.stab.excl)

.stab.exclstr
 *(.stab.exclstr)

.stab.index
 *(.stab.index)

.stab.indexstr
 *(.stab.indexstr)

.comment        0x00000000       0x30
 *(.comment)
 .comment       0x00000000       0x30 main.o
                                 0x31 (size before relaxing)

.note.gnu.avr.deviceinfo
                0x00000000       0x3c
 .note.gnu.avr.deviceinfo
                0x00000000       0x3c C:/Program Files (x86)/Atmel/Studio/7.0/Packs/atmel/ATmega_DFP/1.7.374/gcc/dev/atmega32/avr5/crtatmega32.o

.note.gnu.build-id
 *(.note.gnu.build-id)

.debug
 *(.debug)

.line
 *(.line)

.debug_srcinfo
 *(.debug_srcinfo)

.debug_sfnames
 *(.debug_sfnames)

.debug_aranges  0x00000000       0x20
 *(.debug_aranges)
 .debug_aranges
                0x00000000       0x20 main.o

.debug_pubnames
 *(.debug_pubnames)

.debug_info     0x00000000      0x563
 *(.debug_info .gnu.linkonce.wi.*)
 .debug_info    0x00000000      0x4e6 C:/Program Files (x86)/Atmel/Studio/7.0/Packs/atmel/ATmega_DFP/1.7.374/gcc/dev/atmega32/avr5/crtatmega32.o
 .debug_info    0x000004e6       0x7d main.o

.debug_abbrev   0x00000000      0x4ec
 *(.debug_abbrev)
 .debug_abbrev  0x00000000      0x4a3 C:/Program Files (x86)/Atmel/Studio/7.0/Packs/atmel/ATmega_DFP/1.7.374/gcc/dev/atmega32/avr5/crtatmega32.o
 .debug_abbrev  0x000004a3       0x49 main.o

.debug_line     0x00000000      0x14f
 *(.debug_line .debug_line.* .debug_line_end)
 .debug_line    0x00000000      0x116 C:/Program Files (x86)/Atmel/Studio/7.0/Packs/atmel/ATmega_DFP/1.7.374/gcc/dev/atmega32/avr5/crtatmega32.o
 .debug_line    0x00000116       0x39 main.o

.debug_frame    0x00000000       0x24
 *(.debug_frame)
 .debug_frame   0x00000000       0x24 main.o

.debug_str      0x00000000      0x2b4
 *(.debug_str)
 .debug_str     0x00000000      0x196 C:/Program Files (x86)/Atmel/Studio/7.0/Packs/atmel/ATmega_DFP/1.7.374/gcc/dev/atmega32/avr5/crtatmega32.o
 .debug_str     0x00000196      0x11e main.o
                                0x152 (size before relaxing)

.debug_loc
 *(.debug_loc)

.debug_macinfo
 *(.debug_macinfo)

.debug_weaknames
 *(.debug_weaknames)

.debug_funcnames
 *(.debug_funcnames)

.debug_typenames
 *(.debug_typenames)

.debug_varnames
 *(.debug_varnames)

.debug_pubtypes
 *(.debug_pubtypes)

.debug_ranges   0x00000000       0x10
 *(.debug_ranges)
 .debug_ranges  0x00000000       0x10 main.o

.debug_macro
 *(.debug_macro)
OUTPUT(Avr_Drivers.elf elf32-avr)
LOAD linker stubs
